// Jest Snapshot v1, https://goo.gl/fbAQLP

exports[`should render Login Page correctly 1`] = `
<div
  className="box-layout"
>
  <div
    className="box-layout__box"
  >
    <h1
      className="box-layout__title"
    >
      Expensify
    </h1>
    <p>
      Get your expenses under control!
    </p>
    <div>
      <button
        className="button button--login"
        onClick={[Function]}
      >
        Login with Google
      </button>
      <button
        className="button button--login"
        onClick={[Function]}
      >
        Login with Github
      </button>
    </div>
  </div>
</div>
`;
