// Jest Snapshot v1, https://goo.gl/fbAQLP

exports[`should render Remove Modal correctly 1`] = `
<Modal
  ariaHideApp={true}
  bodyOpenClassName="ReactModal__Body--open"
  className="modal"
  closeTimeoutMS={200}
  contentLabel="Remove Confirmation"
  isOpen={true}
  onRequestClose={[Function]}
  parentSelector={[Function]}
  portalClassName="ReactModalPortal"
  shouldCloseOnEsc={true}
  shouldCloseOnOverlayClick={true}
  shouldFocusAfterRender={true}
  shouldReturnFocusAfterClose={true}
>
  <h3
    className="modal__title"
  >
    Remove Confirmation
  </h3>
  <p
    className="modal__body"
  >
    Remove this expense?
  </p>
  <div
    className="modal__button"
  >
    <button
      className="button"
      onClick={[Function]}
    >
      Confirm
    </button>
    <button
      className="button button--secondary"
      onClick={[Function]}
    >
      Cancel
    </button>
  </div>
</Modal>
`;
